

--- Результаты 30.01.2026 16:09:31 ---
Всего: 19890
Рабочих: 1372
Отсеяно: 18518
